last paragraph

fuction - function

seperated - separated

An added note - tried to resolve the problem with an array not and